// Jest Snapshot v1, https://goo.gl/fbAQLP

exports[`Pruebas en <TableComponent/> debe de mostrarse correctamente con valores por default 1`] = `
<div>
  <form
    class=""
  >
    <input
      autocomplete="off"
      class="w-100"
      name="searchText"
      placeholder="e.g: file1"
      type="text"
      value=""
    />
  </form>
  <table
    class="table table-striped table-bordered table-hover"
  >
    <thead>
      <tr>
        <th>
          File Name
        </th>
        <th>
          Text
        </th>
        <th>
          Number
        </th>
        <th>
          Hex
        </th>
      </tr>
    </thead>
    <tbody>
      <tr>
        <td>
          file1.csv
        </td>
        <td>
          RgTya
        </td>
        <td>
          64075909
        </td>
        <td>
          70ad29aacf0b690b0467fe2b2767f765
        </td>
      </tr>
      <tr>
        <td>
          file1.csv
        </td>
        <td>
          RgTya
        </td>
        <td>
          64075910
        </td>
        <td>
          70ad29aacf0b690b0467fe2b2767f765
        </td>
      </tr>
      <tr>
        <td>
          file1.csv
        </td>
        <td>
          RgTya
        </td>
        <td>
          64075911
        </td>
        <td>
          70ad29aacf0b690b0467fe2b2767f765
        </td>
      </tr>
      <tr>
        <td>
          file2.csv
        </td>
        <td>
          RgTya
        </td>
        <td>
          64075912
        </td>
        <td>
          70ad29aacf0b690b0467fe2b2767f764
        </td>
      </tr>
      <tr>
        <td>
          file2.csv
        </td>
        <td>
          RgTya
        </td>
        <td>
          64075913
        </td>
        <td>
          70ad29aacf0b690b0467fe2b2767f764
        </td>
      </tr>
      <tr>
        <td>
          file3.csv
        </td>
        <td>
          RgTya
        </td>
        <td>
          64075914
        </td>
        <td>
          70ad29aacf0b690b0467fe2b2767f763
        </td>
      </tr>
      <tr>
        <td>
          file3.csv
        </td>
        <td>
          RgTya
        </td>
        <td>
          64075915
        </td>
        <td>
          70ad29aacf0b690b0467fe2b2767f763
        </td>
      </tr>
      <tr>
        <td>
          file3.csv
        </td>
        <td>
          RgTya
        </td>
        <td>
          64075916
        </td>
        <td>
          70ad29aacf0b690b0467fe2b2767f763
        </td>
      </tr>
      <tr>
        <td>
          file3.csv
        </td>
        <td>
          RgTya
        </td>
        <td>
          64075917
        </td>
        <td>
          70ad29aacf0b690b0467fe2b2767f763
        </td>
      </tr>
    </tbody>
  </table>
</div>
`;

exports[`Pruebas en <TableComponent/> debe mostrarse correctamente con valores por default 1`] = `
<div>
  <form
    class=""
  >
    <input
      autocomplete="off"
      class="w-100"
      name="searchText"
      placeholder="e.g: file1"
      type="text"
      value=""
    />
  </form>
  <table
    class="table table-striped table-bordered table-hover"
  >
    <thead>
      <tr>
        <th>
          File Name
        </th>
        <th>
          Text
        </th>
        <th>
          Number
        </th>
        <th>
          Hex
        </th>
      </tr>
    </thead>
    <tbody>
      <tr>
        <td>
          file1.csv
        </td>
        <td>
          RgTya
        </td>
        <td>
          64075909
        </td>
        <td>
          70ad29aacf0b690b0467fe2b2767f765
        </td>
      </tr>
      <tr>
        <td>
          file1.csv
        </td>
        <td>
          RgTya
        </td>
        <td>
          64075910
        </td>
        <td>
          70ad29aacf0b690b0467fe2b2767f765
        </td>
      </tr>
      <tr>
        <td>
          file1.csv
        </td>
        <td>
          RgTya
        </td>
        <td>
          64075911
        </td>
        <td>
          70ad29aacf0b690b0467fe2b2767f765
        </td>
      </tr>
      <tr>
        <td>
          file2.csv
        </td>
        <td>
          RgTya
        </td>
        <td>
          64075912
        </td>
        <td>
          70ad29aacf0b690b0467fe2b2767f764
        </td>
      </tr>
      <tr>
        <td>
          file2.csv
        </td>
        <td>
          RgTya
        </td>
        <td>
          64075913
        </td>
        <td>
          70ad29aacf0b690b0467fe2b2767f764
        </td>
      </tr>
      <tr>
        <td>
          file3.csv
        </td>
        <td>
          RgTya
        </td>
        <td>
          64075914
        </td>
        <td>
          70ad29aacf0b690b0467fe2b2767f763
        </td>
      </tr>
      <tr>
        <td>
          file3.csv
        </td>
        <td>
          RgTya
        </td>
        <td>
          64075915
        </td>
        <td>
          70ad29aacf0b690b0467fe2b2767f763
        </td>
      </tr>
      <tr>
        <td>
          file3.csv
        </td>
        <td>
          RgTya
        </td>
        <td>
          64075916
        </td>
        <td>
          70ad29aacf0b690b0467fe2b2767f763
        </td>
      </tr>
      <tr>
        <td>
          file3.csv
        </td>
        <td>
          RgTya
        </td>
        <td>
          64075917
        </td>
        <td>
          70ad29aacf0b690b0467fe2b2767f763
        </td>
      </tr>
    </tbody>
  </table>
</div>
`;
